// Jest Snapshot v1, https://goo.gl/fbAQLP

exports[`Splash screen tests renders correctly 1`] = `
Object {
  "asFragment": [Function],
  "baseElement": <body>
    <div>
      <section
        class="splash-screen"
      >
        <div
          class="spash-logo"
        >
          <h1>
            smart tutor app
          </h1>
        </div>
        <div
          class="welcome-text"
        >
          <h2>
            Your modern learning software
          </h2>
        </div>
        <div
          class="register-btns"
        >
          <a
            class="btn login-btn"
            href="/Login"
          >
            LOG IN
          </a>
          <a
            class="btn login-btn"
            href="/register"
          >
            Create New Account
          </a>
        </div>
      </section>
    </div>
  </body>,
  "container": <div>
    <section
      class="splash-screen"
    >
      <div
        class="spash-logo"
      >
        <h1>
          smart tutor app
        </h1>
      </div>
      <div
        class="welcome-text"
      >
        <h2>
          Your modern learning software
        </h2>
      </div>
      <div
        class="register-btns"
      >
        <a
          class="btn login-btn"
          href="/Login"
        >
          LOG IN
        </a>
        <a
          class="btn login-btn"
          href="/register"
        >
          Create New Account
        </a>
      </div>
    </section>
  </div>,
  "debug": [Function],
  "findAllByAltText": [Function],
  "findAllByDisplayValue": [Function],
  "findAllByLabelText": [Function],
  "findAllByPlaceholderText": [Function],
  "findAllByRole": [Function],
  "findAllByTestId": [Function],
  "findAllByText": [Function],
  "findAllByTitle": [Function],
  "findByAltText": [Function],
  "findByDisplayValue": [Function],
  "findByLabelText": [Function],
  "findByPlaceholderText": [Function],
  "findByRole": [Function],
  "findByTestId": [Function],
  "findByText": [Function],
  "findByTitle": [Function],
  "getAllByAltText": [Function],
  "getAllByDisplayValue": [Function],
  "getAllByLabelText": [Function],
  "getAllByPlaceholderText": [Function],
  "getAllByRole": [Function],
  "getAllByTestId": [Function],
  "getAllByText": [Function],
  "getAllByTitle": [Function],
  "getByAltText": [Function],
  "getByDisplayValue": [Function],
  "getByLabelText": [Function],
  "getByPlaceholderText": [Function],
  "getByRole": [Function],
  "getByTestId": [Function],
  "getByText": [Function],
  "getByTitle": [Function],
  "queryAllByAltText": [Function],
  "queryAllByDisplayValue": [Function],
  "queryAllByLabelText": [Function],
  "queryAllByPlaceholderText": [Function],
  "queryAllByRole": [Function],
  "queryAllByTestId": [Function],
  "queryAllByText": [Function],
  "queryAllByTitle": [Function],
  "queryByAltText": [Function],
  "queryByDisplayValue": [Function],
  "queryByLabelText": [Function],
  "queryByPlaceholderText": [Function],
  "queryByRole": [Function],
  "queryByTestId": [Function],
  "queryByText": [Function],
  "queryByTitle": [Function],
  "rerender": [Function],
  "unmount": [Function],
}
`;
